┏━━━━━━━━━━━━━━━━━━━━━━┳━━━━━━━━━━┳━━━━━━━━━━┳━━━━━━━━━━┳━━━━━━━━━━┳━━━━━━━━━━━┳━━━━━━━━━━┳━━━━━━━━━━━┳━━━━━━━━━━┳━━━━━━━━━━━┳━━━━━━━━━━┳━━━━━━━━━━━┳━━━━━━━━━━┓
┃                      ┃ Hold     ┃ Reg to   ┃          ┃          ┃ of which  ┃ Setup    ┃           ┃          ┃           ┃ of which ┃           ┃          ┃
┃                      ┃ Worst    ┃ Reg      ┃          ┃ Hold Vio ┃ reg to    ┃ Worst    ┃ Reg to    ┃ Setup    ┃ Setup Vio ┃ reg to   ┃ Max Cap   ┃ Max Slew ┃
┃ Corner/Group         ┃ Slack    ┃ Paths    ┃ Hold TNS ┃ Count    ┃ reg       ┃ Slack    ┃ Reg Paths ┃ TNS      ┃ Count     ┃ reg      ┃ Violatio… ┃ Violati… ┃
┡━━━━━━━━━━━━━━━━━━━━━━╇━━━━━━━━━━╇━━━━━━━━━━╇━━━━━━━━━━╇━━━━━━━━━━╇━━━━━━━━━━━╇━━━━━━━━━━╇━━━━━━━━━━━╇━━━━━━━━━━╇━━━━━━━━━━━╇━━━━━━━━━━╇━━━━━━━━━━━╇━━━━━━━━━━┩
│ Overall              │ 0.1078   │ 0.1078   │ 0.0000   │ 0        │ 0         │ 58.2838  │ 71.1252   │ 0.0000   │ 0         │ 0        │ 0         │ 226      │
│ nom_tt_025C_1v80     │ 0.3271   │ 0.3271   │ 0.0000   │ 0        │ 0         │ 58.9646  │ N/A       │ 0.0000   │ 0         │ 0        │ 0         │ 8        │
│ nom_ss_100C_1v60     │ 0.8689   │ 0.8689   │ 0.0000   │ 0        │ 0         │ 58.3195  │ 71.3516   │ 0.0000   │ 0         │ 0        │ 0         │ 201      │
│ nom_ff_n40C_1v95     │ 0.1102   │ 0.1102   │ 0.0000   │ 0        │ 0         │ 59.2234  │ N/A       │ 0.0000   │ 0         │ 0        │ 0         │ 0        │
│ min_tt_025C_1v80     │ 0.3230   │ 0.3230   │ 0.0000   │ 0        │ 0         │ 58.9826  │ N/A       │ 0.0000   │ 0         │ 0        │ 0         │ 8        │
│ min_ss_100C_1v60     │ 0.8604   │ 0.8604   │ 0.0000   │ 0        │ 0         │ 58.3557  │ 71.5680   │ 0.0000   │ 0         │ 0        │ 0         │ 121      │
│ min_ff_n40C_1v95     │ 0.1078   │ 0.1078   │ 0.0000   │ 0        │ 0         │ 59.2361  │ N/A       │ 0.0000   │ 0         │ 0        │ 0         │ 0        │
│ max_tt_025C_1v80     │ 0.3314   │ 0.3314   │ 0.0000   │ 0        │ 0         │ 58.9467  │ N/A       │ 0.0000   │ 0         │ 0        │ 0         │ 9        │
│ max_ss_100C_1v60     │ 0.8769   │ 0.8769   │ 0.0000   │ 0        │ 0         │ 58.2838  │ 71.1252   │ 0.0000   │ 0         │ 0        │ 0         │ 226      │
│ max_ff_n40C_1v95     │ 0.1126   │ 0.1126   │ 0.0000   │ 0        │ 0         │ 59.2108  │ N/A       │ 0.0000   │ 0         │ 0        │ 0         │ 0        │
└──────────────────────┴──────────┴──────────┴──────────┴──────────┴───────────┴──────────┴───────────┴──────────┴───────────┴──────────┴───────────┴──────────┘
