
-- Executing script file `/home/runner/work/tt-nand-hardwired/tt-nand-hardwired/build/formal/cell_279.ys' --

1. Executing Verilog-2005 frontend: src/cell_279.v
Parsing Verilog input from `src/cell_279.v' to AST representation.
Generating RTLIL representation for module `\cell_279'.
Successfully finished Verilog frontend.

2. Executing HIERARCHY pass (managing design hierarchy).

2.1. Analyzing design hierarchy..
Top module:  \cell_279

2.2. Analyzing design hierarchy..
Top module:  \cell_279
Removed 0 unused modules.

3. Executing PROC pass (convert processes to netlists).

3.1. Executing PROC_CLEAN pass (remove empty switches from decision trees).
Cleaned up 0 empty switches.

3.2. Executing PROC_RMDEAD pass (remove dead branches from decision trees).
Removed a total of 0 dead cases.

3.3. Executing PROC_PRUNE pass (remove redundant assignments in processes).
Removed 0 redundant assignments.
Promoted 0 assignments to connections.

3.4. Executing PROC_INIT pass (extract init attributes).

3.5. Executing PROC_ARST pass (detect async resets in processes).

3.6. Executing PROC_ROM pass (convert switches to ROMs).
Converted 0 switches.

3.7. Executing PROC_MUX pass (convert decision trees to multiplexers).

3.8. Executing PROC_DLATCH pass (convert process syncs to latches).

3.9. Executing PROC_DFF pass (convert process syncs to FFs).

3.10. Executing PROC_MEMWR pass (convert process memory writes to cells).

3.11. Executing PROC_CLEAN pass (remove empty switches from decision trees).
Cleaned up 0 empty switches.

3.12. Executing OPT_EXPR pass (perform const folding).
Optimizing module cell_279.
<suppressed ~17 debug messages>

4. Executing FLATTEN pass (flatten design).

5. Executing OPT_CLEAN pass (remove unused cells and wires).
Finding unused cells or wires in module \cell_279..
Removed 5 unused cells and 42 unused wires.
<suppressed ~11 debug messages>

6. Executing CHECK pass (checking for obvious problems).
Checking module cell_279...
Found and reported 0 problems.

7. Executing TECHMAP pass (map to technology primitives).

7.1. Executing Verilog-2005 frontend: /usr/bin/../share/yosys/techmap.v
Parsing Verilog input from `/usr/bin/../share/yosys/techmap.v' to AST representation.
Generating RTLIL representation for module `\_90_simplemap_bool_ops'.
Generating RTLIL representation for module `\_90_simplemap_reduce_ops'.
Generating RTLIL representation for module `\_90_simplemap_logic_ops'.
Generating RTLIL representation for module `\_90_simplemap_compare_ops'.
Generating RTLIL representation for module `\_90_simplemap_various'.
Generating RTLIL representation for module `\_90_simplemap_registers'.
Generating RTLIL representation for module `\_90_shift_ops_shr_shl_sshl_sshr'.
Generating RTLIL representation for module `\_90_shift_shiftx'.
Generating RTLIL representation for module `\_90_fa'.
Generating RTLIL representation for module `\_90_lcu'.
Generating RTLIL representation for module `\_90_alu'.
Generating RTLIL representation for module `\_90_macc'.
Generating RTLIL representation for module `\_90_alumacc'.
Generating RTLIL representation for module `\$__div_mod_u'.
Generating RTLIL representation for module `\$__div_mod_trunc'.
Generating RTLIL representation for module `\_90_div'.
Generating RTLIL representation for module `\_90_mod'.
Generating RTLIL representation for module `\$__div_mod_floor'.
Generating RTLIL representation for module `\_90_divfloor'.
Generating RTLIL representation for module `\_90_modfloor'.
Generating RTLIL representation for module `\_90_pow'.
Generating RTLIL representation for module `\_90_pmux'.
Generating RTLIL representation for module `\_90_demux'.
Generating RTLIL representation for module `\_90_lut'.
Successfully finished Verilog frontend.

7.2. Continuing TECHMAP pass.
Using extmapper simplemap for cells of type $not.
Using extmapper simplemap for cells of type $and.
No more expansions possible.
<suppressed ~93 debug messages>

8. Executing OPT pass (performing simple optimizations).

8.1. Executing OPT_EXPR pass (perform const folding).
Optimizing module cell_279.

8.2. Executing OPT_MERGE pass (detect identical cells).
Finding identical cells in module `\cell_279'.
Removed a total of 0 cells.

8.3. Executing OPT_DFF pass (perform DFF optimizations).

8.4. Executing OPT_CLEAN pass (remove unused cells and wires).
Finding unused cells or wires in module \cell_279..

8.5. Finished fast OPT passes.

9. Executing DFFUNMAP pass (unmap clock enable and synchronous reset from FFs).

10. Executing OPT_CLEAN pass (remove unused cells and wires).
Finding unused cells or wires in module \cell_279..

11. Executing CHECK pass (checking for obvious problems).
Checking module cell_279...
Found and reported 0 problems.

12. Executing JSON backend.

13. Executing JSON backend.

14. Executing BLIF backend.

15. Executing SYNTH pass.

15.1. Executing HIERARCHY pass (managing design hierarchy).

15.1.1. Analyzing design hierarchy..
Top module:  \cell_279

15.1.2. Analyzing design hierarchy..
Top module:  \cell_279
Removed 0 unused modules.

15.2. Executing PROC pass (convert processes to netlists).

15.2.1. Executing PROC_CLEAN pass (remove empty switches from decision trees).
Cleaned up 0 empty switches.

15.2.2. Executing PROC_RMDEAD pass (remove dead branches from decision trees).
Removed a total of 0 dead cases.

15.2.3. Executing PROC_PRUNE pass (remove redundant assignments in processes).
Removed 0 redundant assignments.
Promoted 0 assignments to connections.

15.2.4. Executing PROC_INIT pass (extract init attributes).

15.2.5. Executing PROC_ARST pass (detect async resets in processes).

15.2.6. Executing PROC_ROM pass (convert switches to ROMs).
Converted 0 switches.

15.2.7. Executing PROC_MUX pass (convert decision trees to multiplexers).

15.2.8. Executing PROC_DLATCH pass (convert process syncs to latches).

15.2.9. Executing PROC_DFF pass (convert process syncs to FFs).

15.2.10. Executing PROC_MEMWR pass (convert process memory writes to cells).

15.2.11. Executing PROC_CLEAN pass (remove empty switches from decision trees).
Cleaned up 0 empty switches.

15.2.12. Executing OPT_EXPR pass (perform const folding).
Optimizing module cell_279.

15.3. Executing FLATTEN pass (flatten design).

15.4. Executing OPT_EXPR pass (perform const folding).
Optimizing module cell_279.

15.5. Executing OPT_CLEAN pass (remove unused cells and wires).
Finding unused cells or wires in module \cell_279..

15.6. Executing CHECK pass (checking for obvious problems).
Checking module cell_279...
Found and reported 0 problems.

15.7. Executing OPT pass (performing simple optimizations).

15.7.1. Executing OPT_EXPR pass (perform const folding).
Optimizing module cell_279.

15.7.2. Executing OPT_MERGE pass (detect identical cells).
Finding identical cells in module `\cell_279'.
Removed a total of 0 cells.

15.7.3. Executing OPT_MUXTREE pass (detect dead branches in mux trees).
Running muxtree optimizer on module \cell_279..
  Creating internal representation of mux trees.
  No muxes found in this module.
Removed 0 multiplexer ports.

15.7.4. Executing OPT_REDUCE pass (consolidate $*mux and $reduce_* inputs).
  Optimizing cells in module \cell_279.
Performed a total of 0 changes.

15.7.5. Executing OPT_MERGE pass (detect identical cells).
Finding identical cells in module `\cell_279'.
Removed a total of 0 cells.

15.7.6. Executing OPT_DFF pass (perform DFF optimizations).

15.7.7. Executing OPT_CLEAN pass (remove unused cells and wires).
Finding unused cells or wires in module \cell_279..

15.7.8. Executing OPT_EXPR pass (perform const folding).
Optimizing module cell_279.

15.7.9. Finished OPT passes. (There is nothing left to do.)

15.8. Executing FSM pass (extract and optimize FSM).

15.8.1. Executing FSM_DETECT pass (finding FSMs in design).

15.8.2. Executing FSM_EXTRACT pass (extracting FSM from design).

15.8.3. Executing FSM_OPT pass (simple optimizations of FSMs).

15.8.4. Executing OPT_CLEAN pass (remove unused cells and wires).
Finding unused cells or wires in module \cell_279..

15.8.5. Executing FSM_OPT pass (simple optimizations of FSMs).

15.8.6. Executing FSM_RECODE pass (re-assigning FSM state encoding).

15.8.7. Executing FSM_INFO pass (dumping all available information on FSM cells).

15.8.8. Executing FSM_MAP pass (mapping FSMs to basic logic).

15.9. Executing OPT pass (performing simple optimizations).

15.9.1. Executing OPT_EXPR pass (perform const folding).
Optimizing module cell_279.

15.9.2. Executing OPT_MERGE pass (detect identical cells).
Finding identical cells in module `\cell_279'.
Removed a total of 0 cells.

15.9.3. Executing OPT_MUXTREE pass (detect dead branches in mux trees).
Running muxtree optimizer on module \cell_279..
  Creating internal representation of mux trees.
  No muxes found in this module.
Removed 0 multiplexer ports.

15.9.4. Executing OPT_REDUCE pass (consolidate $*mux and $reduce_* inputs).
  Optimizing cells in module \cell_279.
Performed a total of 0 changes.

15.9.5. Executing OPT_MERGE pass (detect identical cells).
Finding identical cells in module `\cell_279'.
Removed a total of 0 cells.

15.9.6. Executing OPT_DFF pass (perform DFF optimizations).

15.9.7. Executing OPT_CLEAN pass (remove unused cells and wires).
Finding unused cells or wires in module \cell_279..

15.9.8. Executing OPT_EXPR pass (perform const folding).
Optimizing module cell_279.

15.9.9. Finished OPT passes. (There is nothing left to do.)

15.10. Executing WREDUCE pass (reducing word size of cells).

15.11. Executing PEEPOPT pass (run peephole optimizers).

15.12. Executing OPT_CLEAN pass (remove unused cells and wires).
Finding unused cells or wires in module \cell_279..

15.13. Executing ALUMACC pass (create $alu and $macc cells).
Extracting $alu and $macc cells in module cell_279:
  created 0 $alu and 0 $macc cells.

15.14. Executing SHARE pass (SAT-based resource sharing).

15.15. Executing OPT pass (performing simple optimizations).

15.15.1. Executing OPT_EXPR pass (perform const folding).
Optimizing module cell_279.

15.15.2. Executing OPT_MERGE pass (detect identical cells).
Finding identical cells in module `\cell_279'.
Removed a total of 0 cells.

15.15.3. Executing OPT_MUXTREE pass (detect dead branches in mux trees).
Running muxtree optimizer on module \cell_279..
  Creating internal representation of mux trees.
  No muxes found in this module.
Removed 0 multiplexer ports.

15.15.4. Executing OPT_REDUCE pass (consolidate $*mux and $reduce_* inputs).
  Optimizing cells in module \cell_279.
Performed a total of 0 changes.

15.15.5. Executing OPT_MERGE pass (detect identical cells).
Finding identical cells in module `\cell_279'.
Removed a total of 0 cells.

15.15.6. Executing OPT_DFF pass (perform DFF optimizations).

15.15.7. Executing OPT_CLEAN pass (remove unused cells and wires).
Finding unused cells or wires in module \cell_279..

15.15.8. Executing OPT_EXPR pass (perform const folding).
Optimizing module cell_279.

15.15.9. Finished OPT passes. (There is nothing left to do.)

15.16. Executing MEMORY pass.

15.16.1. Executing OPT_MEM pass (optimize memories).
Performed a total of 0 transformations.

15.16.2. Executing OPT_MEM_PRIORITY pass (removing unnecessary memory write priority relations).
Performed a total of 0 transformations.

15.16.3. Executing OPT_MEM_FEEDBACK pass (finding memory read-to-write feedback paths).

15.16.4. Executing MEMORY_BMUX2ROM pass (converting muxes to ROMs).

15.16.5. Executing MEMORY_DFF pass (merging $dff cells to $memrd).

15.16.6. Executing OPT_CLEAN pass (remove unused cells and wires).
Finding unused cells or wires in module \cell_279..

15.16.7. Executing MEMORY_SHARE pass (consolidating $memrd/$memwr cells).

15.16.8. Executing OPT_MEM_WIDEN pass (optimize memories where all ports are wide).
Performed a total of 0 transformations.

15.16.9. Executing OPT_CLEAN pass (remove unused cells and wires).
Finding unused cells or wires in module \cell_279..

15.16.10. Executing MEMORY_COLLECT pass (generating $mem cells).

15.17. Executing OPT_CLEAN pass (remove unused cells and wires).
Finding unused cells or wires in module \cell_279..

15.18. Executing OPT pass (performing simple optimizations).

15.18.1. Executing OPT_EXPR pass (perform const folding).
Optimizing module cell_279.

15.18.2. Executing OPT_MERGE pass (detect identical cells).
Finding identical cells in module `\cell_279'.
Removed a total of 0 cells.

15.18.3. Executing OPT_DFF pass (perform DFF optimizations).

15.18.4. Executing OPT_CLEAN pass (remove unused cells and wires).
Finding unused cells or wires in module \cell_279..

15.18.5. Finished fast OPT passes.

15.19. Executing MEMORY_MAP pass (converting memories to logic and flip-flops).

15.20. Executing OPT pass (performing simple optimizations).

15.20.1. Executing OPT_EXPR pass (perform const folding).
Optimizing module cell_279.

15.20.2. Executing OPT_MERGE pass (detect identical cells).
Finding identical cells in module `\cell_279'.
Removed a total of 0 cells.

15.20.3. Executing OPT_MUXTREE pass (detect dead branches in mux trees).
Running muxtree optimizer on module \cell_279..
  Creating internal representation of mux trees.
  No muxes found in this module.
Removed 0 multiplexer ports.

15.20.4. Executing OPT_REDUCE pass (consolidate $*mux and $reduce_* inputs).
  Optimizing cells in module \cell_279.
Performed a total of 0 changes.

15.20.5. Executing OPT_MERGE pass (detect identical cells).
Finding identical cells in module `\cell_279'.
Removed a total of 0 cells.

15.20.6. Executing OPT_SHARE pass.

15.20.7. Executing OPT_DFF pass (perform DFF optimizations).

15.20.8. Executing OPT_CLEAN pass (remove unused cells and wires).
Finding unused cells or wires in module \cell_279..

15.20.9. Executing OPT_EXPR pass (perform const folding).
Optimizing module cell_279.

15.20.10. Finished OPT passes. (There is nothing left to do.)

15.21. Executing TECHMAP pass (map to technology primitives).

15.21.1. Executing Verilog-2005 frontend: /usr/bin/../share/yosys/techmap.v
Parsing Verilog input from `/usr/bin/../share/yosys/techmap.v' to AST representation.
Generating RTLIL representation for module `\_90_simplemap_bool_ops'.
Generating RTLIL representation for module `\_90_simplemap_reduce_ops'.
Generating RTLIL representation for module `\_90_simplemap_logic_ops'.
Generating RTLIL representation for module `\_90_simplemap_compare_ops'.
Generating RTLIL representation for module `\_90_simplemap_various'.
Generating RTLIL representation for module `\_90_simplemap_registers'.
Generating RTLIL representation for module `\_90_shift_ops_shr_shl_sshl_sshr'.
Generating RTLIL representation for module `\_90_shift_shiftx'.
Generating RTLIL representation for module `\_90_fa'.
Generating RTLIL representation for module `\_90_lcu'.
Generating RTLIL representation for module `\_90_alu'.
Generating RTLIL representation for module `\_90_macc'.
Generating RTLIL representation for module `\_90_alumacc'.
Generating RTLIL representation for module `\$__div_mod_u'.
Generating RTLIL representation for module `\$__div_mod_trunc'.
Generating RTLIL representation for module `\_90_div'.
Generating RTLIL representation for module `\_90_mod'.
Generating RTLIL representation for module `\$__div_mod_floor'.
Generating RTLIL representation for module `\_90_divfloor'.
Generating RTLIL representation for module `\_90_modfloor'.
Generating RTLIL representation for module `\_90_pow'.
Generating RTLIL representation for module `\_90_pmux'.
Generating RTLIL representation for module `\_90_demux'.
Generating RTLIL representation for module `\_90_lut'.
Successfully finished Verilog frontend.

15.21.2. Continuing TECHMAP pass.
Using extmapper simplemap for cells of type $not.
Using extmapper simplemap for cells of type $and.
No more expansions possible.
<suppressed ~93 debug messages>

15.22. Executing OPT pass (performing simple optimizations).

15.22.1. Executing OPT_EXPR pass (perform const folding).
Optimizing module cell_279.

15.22.2. Executing OPT_MERGE pass (detect identical cells).
Finding identical cells in module `\cell_279'.
Removed a total of 0 cells.

15.22.3. Executing OPT_DFF pass (perform DFF optimizations).

15.22.4. Executing OPT_CLEAN pass (remove unused cells and wires).
Finding unused cells or wires in module \cell_279..

15.22.5. Finished fast OPT passes.

15.23. Executing ABC pass (technology mapping using ABC).

15.23.1. Extracting gate netlist of module `\cell_279' to `<abc-temp-dir>/input.blif'..
Extracted 20 gates and 29 wires to a netlist network with 9 inputs and 2 outputs.

15.23.1.1. Executing ABC.
Running ABC command: "<yosys-exe-dir>/yosys-abc" -s -f <abc-temp-dir>/abc.script 2>&1
ABC: ABC command line: "source <abc-temp-dir>/abc.script".
ABC: 
ABC: + read_blif <abc-temp-dir>/input.blif 
ABC: + read_library <abc-temp-dir>/stdcells.genlib 
ABC: Entered genlib library with 13 gates from file "<abc-temp-dir>/stdcells.genlib".
ABC: + strash 
ABC: + dretime 
ABC: + map 
ABC: + write_blif <abc-temp-dir>/output.blif 

15.23.1.2. Re-integrating ABC results.
ABC RESULTS:                OR cells:        1
ABC RESULTS:             ORNOT cells:        2
ABC RESULTS:               NOR cells:        1
ABC RESULTS:              NAND cells:        1
ABC RESULTS:            ANDNOT cells:        5
ABC RESULTS:        internal signals:       18
ABC RESULTS:           input signals:        9
ABC RESULTS:          output signals:        2
Removing temp directory.

15.24. Executing OPT pass (performing simple optimizations).

15.24.1. Executing OPT_EXPR pass (perform const folding).
Optimizing module cell_279.

15.24.2. Executing OPT_MERGE pass (detect identical cells).
Finding identical cells in module `\cell_279'.
Removed a total of 0 cells.

15.24.3. Executing OPT_DFF pass (perform DFF optimizations).

15.24.4. Executing OPT_CLEAN pass (remove unused cells and wires).
Finding unused cells or wires in module \cell_279..
Removed 0 unused cells and 29 unused wires.
<suppressed ~14 debug messages>

15.24.5. Finished fast OPT passes.

15.25. Executing HIERARCHY pass (managing design hierarchy).

15.25.1. Analyzing design hierarchy..
Top module:  \cell_279

15.25.2. Analyzing design hierarchy..
Top module:  \cell_279
Removed 0 unused modules.

15.26. Printing statistics.

=== cell_279 ===

   Number of wires:                 30
   Number of wire bits:             45
   Number of public wires:          22
   Number of public wire bits:      37
   Number of memories:               0
   Number of memory bits:            0
   Number of processes:              0
   Number of cells:                 10
     $_ANDNOT_                       5
     $_NAND_                         1
     $_NOR_                          1
     $_ORNOT_                        2
     $_OR_                           1

15.27. Executing CHECK pass (checking for obvious problems).
Checking module cell_279...
Found and reported 0 problems.

16. Executing CHECK pass (checking for obvious problems).
Checking module cell_279...
Found and reported 0 problems.

17. Executing Verilog backend.

17.1. Executing BMUXMAP pass.

17.2. Executing DEMUXMAP pass.
Dumping module `\cell_279'.

18. Executing DFFUNMAP pass (unmap clock enable and synchronous reset from FFs).

19. Executing OPT_CLEAN pass (remove unused cells and wires).
Finding unused cells or wires in module \cell_279..

20. Executing CHECK pass (checking for obvious problems).
Checking module cell_279...
Found and reported 0 problems.

21. Executing JSON backend.

22. Executing JSON backend.

23. Executing BLIF backend.
